Copyright 1986-2022 Xilinx, Inc. All Rights Reserved. Copyright 2022-2024 Advanced Micro Devices, Inc. All Rights Reserved.
------------------------------------------------------------------------------------------------------------------------------------------------------------------------------------------------------
| Tool Version : Vivado v.2024.1 (win64) Build 5076996 Wed May 22 18:37:14 MDT 2024
| Date         : Wed Oct 22 19:00:34 2025
| Host         : LAPTOP-P3BOIPB0 running 64-bit major release  (build 9200)
| Command      : report_timing_summary -max_paths 10 -report_unconstrained -file top_timing_summary_routed.rpt -pb top_timing_summary_routed.pb -rpx top_timing_summary_routed.rpx -warn_on_violation
| Design       : top
| Device       : 7z010-clg400
| Speed File   : -1  PRODUCTION 1.12 2019-11-22
| Design State : Routed
------------------------------------------------------------------------------------------------------------------------------------------------------------------------------------------------------

Timing Summary Report

------------------------------------------------------------------------------------------------
| Timer Settings
| --------------
------------------------------------------------------------------------------------------------

  Enable Multi Corner Analysis               :  Yes
  Enable Pessimism Removal                   :  Yes
  Pessimism Removal Resolution               :  Nearest Common Node
  Enable Input Delay Default Clock           :  No
  Enable Preset / Clear Arcs                 :  No
  Disable Flight Delays                      :  No
  Ignore I/O Paths                           :  No
  Timing Early Launch at Borrowing Latches   :  No
  Borrow Time for Max Delay Exceptions       :  Yes
  Merge Timing Exceptions                    :  Yes
  Inter-SLR Compensation                     :  Conservative

  Corner  Analyze    Analyze    
  Name    Max Paths  Min Paths  
  ------  ---------  ---------  
  Slow    Yes        Yes        
  Fast    Yes        Yes        


------------------------------------------------------------------------------------------------
| Report Methodology
| ------------------
------------------------------------------------------------------------------------------------

Rule       Severity          Description                  Violations  
---------  ----------------  ---------------------------  ----------  
TIMING-17  Critical Warning  Non-clocked sequential cell  201         

Note: This report is based on the most recent report_methodology run and may not be up-to-date. Run report_methodology on the current design for the latest report.



check_timing report

Table of Contents
-----------------
1. checking no_clock (201)
2. checking constant_clock (0)
3. checking pulse_width_clock (0)
4. checking unconstrained_internal_endpoints (429)
5. checking no_input_delay (5)
6. checking no_output_delay (1)
7. checking multiple_clock (0)
8. checking generated_clocks (0)
9. checking loops (0)
10. checking partial_input_delay (0)
11. checking partial_output_delay (0)
12. checking latch_loops (0)

1. checking no_clock (201)
--------------------------
 There are 201 register/latch pins with no clock driven by root clock pin: clk (HIGH)


2. checking constant_clock (0)
------------------------------
 There are 0 register/latch pins with constant_clock.


3. checking pulse_width_clock (0)
---------------------------------
 There are 0 register/latch pins which need pulse_width check


4. checking unconstrained_internal_endpoints (429)
--------------------------------------------------
 There are 429 pins that are not constrained for maximum delay. (HIGH)

 There are 0 pins that are not constrained for maximum delay due to constant clock.


5. checking no_input_delay (5)
------------------------------
 There are 5 input ports with no input delay specified. (HIGH)

 There are 0 input ports with no input delay but user has a false path constraint.


6. checking no_output_delay (1)
-------------------------------
 There is 1 port with no output delay specified. (HIGH)

 There are 0 ports with no output delay but user has a false path constraint

 There are 0 ports with no output delay but with a timing clock defined on it or propagating through it


7. checking multiple_clock (0)
------------------------------
 There are 0 register/latch pins with multiple clocks.


8. checking generated_clocks (0)
--------------------------------
 There are 0 generated clocks that are not connected to a clock source.


9. checking loops (0)
---------------------
 There are 0 combinational loops in the design.


10. checking partial_input_delay (0)
------------------------------------
 There are 0 input ports with partial input delay specified.


11. checking partial_output_delay (0)
-------------------------------------
 There are 0 ports with partial output delay specified.


12. checking latch_loops (0)
----------------------------
 There are 0 combinational latch loops in the design through latch input



------------------------------------------------------------------------------------------------
| Design Timing Summary
| ---------------------
------------------------------------------------------------------------------------------------

    WNS(ns)      TNS(ns)  TNS Failing Endpoints  TNS Total Endpoints      WHS(ns)      THS(ns)  THS Failing Endpoints  THS Total Endpoints     WPWS(ns)     TPWS(ns)  TPWS Failing Endpoints  TPWS Total Endpoints  
    -------      -------  ---------------------  -------------------      -------      -------  ---------------------  -------------------     --------     --------  ----------------------  --------------------  
        inf        0.000                      0                  430          inf        0.000                      0                  430           NA           NA                      NA                    NA  


There are no user specified timing constraints.


------------------------------------------------------------------------------------------------
| Clock Summary
| -------------
------------------------------------------------------------------------------------------------


------------------------------------------------------------------------------------------------
| Intra Clock Table
| -----------------
------------------------------------------------------------------------------------------------

Clock             WNS(ns)      TNS(ns)  TNS Failing Endpoints  TNS Total Endpoints      WHS(ns)      THS(ns)  THS Failing Endpoints  THS Total Endpoints     WPWS(ns)     TPWS(ns)  TPWS Failing Endpoints  TPWS Total Endpoints  
-----             -------      -------  ---------------------  -------------------      -------      -------  ---------------------  -------------------     --------     --------  ----------------------  --------------------  


------------------------------------------------------------------------------------------------
| Inter Clock Table
| -----------------
------------------------------------------------------------------------------------------------

From Clock    To Clock          WNS(ns)      TNS(ns)  TNS Failing Endpoints  TNS Total Endpoints      WHS(ns)      THS(ns)  THS Failing Endpoints  THS Total Endpoints  
----------    --------          -------      -------  ---------------------  -------------------      -------      -------  ---------------------  -------------------  


------------------------------------------------------------------------------------------------
| Other Path Groups Table
| -----------------------
------------------------------------------------------------------------------------------------

Path Group    From Clock    To Clock          WNS(ns)      TNS(ns)  TNS Failing Endpoints  TNS Total Endpoints      WHS(ns)      THS(ns)  THS Failing Endpoints  THS Total Endpoints  
----------    ----------    --------          -------      -------  ---------------------  -------------------      -------      -------  ---------------------  -------------------  


------------------------------------------------------------------------------------------------
| User Ignored Path Table
| -----------------------
------------------------------------------------------------------------------------------------

Path Group    From Clock    To Clock    
----------    ----------    --------    


------------------------------------------------------------------------------------------------
| Unconstrained Path Table
| ------------------------
------------------------------------------------------------------------------------------------

Path Group    From Clock    To Clock    
----------    ----------    --------    
(none)                                    


------------------------------------------------------------------------------------------------
| Timing Details
| --------------
------------------------------------------------------------------------------------------------


--------------------------------------------------------------------------------------
Path Group:  (none)
From Clock:  
  To Clock:  

Max Delay           430 Endpoints
Min Delay           430 Endpoints
--------------------------------------------------------------------------------------


Max Delay Paths
--------------------------------------------------------------------------------------
Slack:                    inf
  Source:                 tx_digit_cnt_reg[2]/C
                            (rising edge-triggered cell FDRE)
  Destination:            tx
                            (output port)
  Path Group:             (none)
  Path Type:              Max at Slow Process Corner
  Data Path Delay:        12.426ns  (logic 4.923ns (39.622%)  route 7.503ns (60.378%))
  Logic Levels:           7  (FDRE=1 LUT5=2 LUT6=3 OBUF=1)

    Location             Delay type                Incr(ns)  Path(ns)    Netlist Resource(s)
  -------------------------------------------------------------------    -------------------
    SLICE_X43Y23         FDRE                         0.000     0.000 r  tx_digit_cnt_reg[2]/C
    SLICE_X43Y23         FDRE (Prop_fdre_C_Q)         0.456     0.456 f  tx_digit_cnt_reg[2]/Q
                         net (fo=27, routed)          1.474     1.930    inst_TFSM/tx_OBUF_inst_i_17_0[2]
    SLICE_X39Y20         LUT6 (Prop_lut6_I3_O)        0.124     2.054 f  inst_TFSM/tx_OBUF_inst_i_38/O
                         net (fo=1, routed)           1.220     3.273    inst_TFSM/tx_OBUF_inst_i_38_n_0
    SLICE_X38Y23         LUT5 (Prop_lut5_I0_O)        0.124     3.397 f  inst_TFSM/tx_OBUF_inst_i_16/O
                         net (fo=7, routed)           1.040     4.437    inst_TFSM/tx_digit[5]
    SLICE_X40Y22         LUT5 (Prop_lut5_I1_O)        0.152     4.589 r  inst_TFSM/tx_OBUF_inst_i_8/O
                         net (fo=1, routed)           1.101     5.690    inst_TFSM/tx_OBUF_inst_i_8_n_0
    SLICE_X39Y23         LUT6 (Prop_lut6_I0_O)        0.326     6.016 r  inst_TFSM/tx_OBUF_inst_i_4/O
                         net (fo=1, routed)           0.779     6.796    inst_TFSM/tx_OBUF_inst_i_4_n_0
    SLICE_X40Y23         LUT6 (Prop_lut6_I5_O)        0.124     6.920 r  inst_TFSM/tx_OBUF_inst_i_1/O
                         net (fo=1, routed)           1.889     8.809    tx_OBUF
    W15                  OBUF (Prop_obuf_I_O)         3.617    12.426 r  tx_OBUF_inst/O
                         net (fo=0)                   0.000    12.426    tx
    W15                                                               r  tx (OUT)
  -------------------------------------------------------------------    -------------------

Slack:                    inf
  Source:                 rx
                            (input port)
  Destination:            inst_RFSM/FSM_sequential_state_reg[2]/D
  Path Group:             (none)
  Path Type:              Max at Slow Process Corner
  Data Path Delay:        6.000ns  (logic 1.937ns (32.286%)  route 4.063ns (67.714%))
  Logic Levels:           4  (IBUF=1 LUT4=1 LUT6=2)

    Location             Delay type                Incr(ns)  Path(ns)    Netlist Resource(s)
  -------------------------------------------------------------------    -------------------
    T11                                               0.000     0.000 r  rx (IN)
                         net (fo=0)                   0.000     0.000    rx
    T11                  IBUF (Prop_ibuf_I_O)         1.565     1.565 r  rx_IBUF_inst/O
                         net (fo=10, routed)          2.912     4.477    inst_RFSM/rx_IBUF
    SLICE_X38Y26         LUT6 (Prop_lut6_I0_O)        0.124     4.601 r  inst_RFSM/FSM_sequential_state[2]_i_3/O
                         net (fo=1, routed)           0.303     4.905    inst_RFSM/FSM_sequential_state[2]_i_3_n_0
    SLICE_X40Y26         LUT6 (Prop_lut6_I0_O)        0.124     5.029 r  inst_RFSM/FSM_sequential_state[2]_i_2/O
                         net (fo=3, routed)           0.847     5.876    inst_RFSM/FSM_sequential_state[2]_i_2_n_0
    SLICE_X40Y25         LUT4 (Prop_lut4_I2_O)        0.124     6.000 r  inst_RFSM/FSM_sequential_state[2]_i_1/O
                         net (fo=1, routed)           0.000     6.000    inst_RFSM/FSM_sequential_state[2]_i_1_n_0
    SLICE_X40Y25         FDRE                                         r  inst_RFSM/FSM_sequential_state_reg[2]/D
  -------------------------------------------------------------------    -------------------

Slack:                    inf
  Source:                 rx
                            (input port)
  Destination:            inst_RFSM/FSM_sequential_state_reg[1]/D
  Path Group:             (none)
  Path Type:              Max at Slow Process Corner
  Data Path Delay:        5.338ns  (logic 1.937ns (36.289%)  route 3.401ns (63.711%))
  Logic Levels:           4  (IBUF=1 LUT6=3)

    Location             Delay type                Incr(ns)  Path(ns)    Netlist Resource(s)
  -------------------------------------------------------------------    -------------------
    T11                                               0.000     0.000 r  rx (IN)
                         net (fo=0)                   0.000     0.000    rx
    T11                  IBUF (Prop_ibuf_I_O)         1.565     1.565 r  rx_IBUF_inst/O
                         net (fo=10, routed)          2.912     4.477    inst_RFSM/rx_IBUF
    SLICE_X38Y26         LUT6 (Prop_lut6_I0_O)        0.124     4.601 r  inst_RFSM/FSM_sequential_state[2]_i_3/O
                         net (fo=1, routed)           0.303     4.905    inst_RFSM/FSM_sequential_state[2]_i_3_n_0
    SLICE_X40Y26         LUT6 (Prop_lut6_I0_O)        0.124     5.029 r  inst_RFSM/FSM_sequential_state[2]_i_2/O
                         net (fo=3, routed)           0.185     5.214    inst_RFSM/FSM_sequential_state[2]_i_2_n_0
    SLICE_X40Y26         LUT6 (Prop_lut6_I4_O)        0.124     5.338 r  inst_RFSM/FSM_sequential_state[1]_i_1__0/O
                         net (fo=1, routed)           0.000     5.338    inst_RFSM/FSM_sequential_state[1]_i_1__0_n_0
    SLICE_X40Y26         FDRE                                         r  inst_RFSM/FSM_sequential_state_reg[1]/D
  -------------------------------------------------------------------    -------------------

Slack:                    inf
  Source:                 rx
                            (input port)
  Destination:            inst_RFSM/FSM_sequential_state_reg[0]/D
  Path Group:             (none)
  Path Type:              Max at Slow Process Corner
  Data Path Delay:        5.335ns  (logic 1.937ns (36.310%)  route 3.398ns (63.690%))
  Logic Levels:           4  (IBUF=1 LUT6=3)

    Location             Delay type                Incr(ns)  Path(ns)    Netlist Resource(s)
  -------------------------------------------------------------------    -------------------
    T11                                               0.000     0.000 r  rx (IN)
                         net (fo=0)                   0.000     0.000    rx
    T11                  IBUF (Prop_ibuf_I_O)         1.565     1.565 r  rx_IBUF_inst/O
                         net (fo=10, routed)          2.912     4.477    inst_RFSM/rx_IBUF
    SLICE_X38Y26         LUT6 (Prop_lut6_I0_O)        0.124     4.601 r  inst_RFSM/FSM_sequential_state[2]_i_3/O
                         net (fo=1, routed)           0.303     4.905    inst_RFSM/FSM_sequential_state[2]_i_3_n_0
    SLICE_X40Y26         LUT6 (Prop_lut6_I0_O)        0.124     5.029 r  inst_RFSM/FSM_sequential_state[2]_i_2/O
                         net (fo=3, routed)           0.182     5.211    inst_RFSM/FSM_sequential_state[2]_i_2_n_0
    SLICE_X40Y26         LUT6 (Prop_lut6_I4_O)        0.124     5.335 r  inst_RFSM/FSM_sequential_state[0]_i_1__0/O
                         net (fo=1, routed)           0.000     5.335    inst_RFSM/FSM_sequential_state[0]_i_1__0_n_0
    SLICE_X40Y26         FDRE                                         r  inst_RFSM/FSM_sequential_state_reg[0]/D
  -------------------------------------------------------------------    -------------------

Slack:                    inf
  Source:                 sw[2]
                            (input port)
  Destination:            cnt_x16_reg[0]/R
  Path Group:             (none)
  Path Type:              Max at Slow Process Corner
  Data Path Delay:        5.181ns  (logic 2.213ns (42.716%)  route 2.968ns (57.284%))
  Logic Levels:           3  (CARRY4=1 IBUF=1 LUT5=1)

    Location             Delay type                Incr(ns)  Path(ns)    Netlist Resource(s)
  -------------------------------------------------------------------    -------------------
    W13                                               0.000     0.000 r  sw[2] (IN)
                         net (fo=0)                   0.000     0.000    sw[2]
    W13                  IBUF (Prop_ibuf_I_O)         1.539     1.539 r  sw_IBUF[2]_inst/O
                         net (fo=9, routed)           2.115     3.654    sw_IBUF[2]
    SLICE_X40Y28         LUT5 (Prop_lut5_I3_O)        0.124     3.778 r  baud_en_x16_i_4/O
                         net (fo=1, routed)           0.000     3.778    baud_en_x16_i_4_n_0
    SLICE_X40Y28         CARRY4 (Prop_carry4_S[1]_CO[3])
                                                      0.550     4.328 r  baud_en_x16_reg_i_1/CO[3]
                         net (fo=11, routed)          0.853     5.181    baud_en_x16_reg_i_1_n_0
    SLICE_X40Y29         FDRE                                         r  cnt_x16_reg[0]/R
  -------------------------------------------------------------------    -------------------

Slack:                    inf
  Source:                 sw[2]
                            (input port)
  Destination:            cnt_x16_reg[6]/R
  Path Group:             (none)
  Path Type:              Max at Slow Process Corner
  Data Path Delay:        5.181ns  (logic 2.213ns (42.716%)  route 2.968ns (57.284%))
  Logic Levels:           3  (CARRY4=1 IBUF=1 LUT5=1)

    Location             Delay type                Incr(ns)  Path(ns)    Netlist Resource(s)
  -------------------------------------------------------------------    -------------------
    W13                                               0.000     0.000 r  sw[2] (IN)
                         net (fo=0)                   0.000     0.000    sw[2]
    W13                  IBUF (Prop_ibuf_I_O)         1.539     1.539 r  sw_IBUF[2]_inst/O
                         net (fo=9, routed)           2.115     3.654    sw_IBUF[2]
    SLICE_X40Y28         LUT5 (Prop_lut5_I3_O)        0.124     3.778 r  baud_en_x16_i_4/O
                         net (fo=1, routed)           0.000     3.778    baud_en_x16_i_4_n_0
    SLICE_X40Y28         CARRY4 (Prop_carry4_S[1]_CO[3])
                                                      0.550     4.328 r  baud_en_x16_reg_i_1/CO[3]
                         net (fo=11, routed)          0.853     5.181    baud_en_x16_reg_i_1_n_0
    SLICE_X40Y29         FDRE                                         r  cnt_x16_reg[6]/R
  -------------------------------------------------------------------    -------------------

Slack:                    inf
  Source:                 sw[2]
                            (input port)
  Destination:            cnt_x16_reg[7]/R
  Path Group:             (none)
  Path Type:              Max at Slow Process Corner
  Data Path Delay:        5.181ns  (logic 2.213ns (42.716%)  route 2.968ns (57.284%))
  Logic Levels:           3  (CARRY4=1 IBUF=1 LUT5=1)

    Location             Delay type                Incr(ns)  Path(ns)    Netlist Resource(s)
  -------------------------------------------------------------------    -------------------
    W13                                               0.000     0.000 r  sw[2] (IN)
                         net (fo=0)                   0.000     0.000    sw[2]
    W13                  IBUF (Prop_ibuf_I_O)         1.539     1.539 r  sw_IBUF[2]_inst/O
                         net (fo=9, routed)           2.115     3.654    sw_IBUF[2]
    SLICE_X40Y28         LUT5 (Prop_lut5_I3_O)        0.124     3.778 r  baud_en_x16_i_4/O
                         net (fo=1, routed)           0.000     3.778    baud_en_x16_i_4_n_0
    SLICE_X40Y28         CARRY4 (Prop_carry4_S[1]_CO[3])
                                                      0.550     4.328 r  baud_en_x16_reg_i_1/CO[3]
                         net (fo=11, routed)          0.853     5.181    baud_en_x16_reg_i_1_n_0
    SLICE_X40Y29         FDRE                                         r  cnt_x16_reg[7]/R
  -------------------------------------------------------------------    -------------------

Slack:                    inf
  Source:                 sw[2]
                            (input port)
  Destination:            cnt_x16_reg[8]/R
  Path Group:             (none)
  Path Type:              Max at Slow Process Corner
  Data Path Delay:        5.181ns  (logic 2.213ns (42.716%)  route 2.968ns (57.284%))
  Logic Levels:           3  (CARRY4=1 IBUF=1 LUT5=1)

    Location             Delay type                Incr(ns)  Path(ns)    Netlist Resource(s)
  -------------------------------------------------------------------    -------------------
    W13                                               0.000     0.000 r  sw[2] (IN)
                         net (fo=0)                   0.000     0.000    sw[2]
    W13                  IBUF (Prop_ibuf_I_O)         1.539     1.539 r  sw_IBUF[2]_inst/O
                         net (fo=9, routed)           2.115     3.654    sw_IBUF[2]
    SLICE_X40Y28         LUT5 (Prop_lut5_I3_O)        0.124     3.778 r  baud_en_x16_i_4/O
                         net (fo=1, routed)           0.000     3.778    baud_en_x16_i_4_n_0
    SLICE_X40Y28         CARRY4 (Prop_carry4_S[1]_CO[3])
                                                      0.550     4.328 r  baud_en_x16_reg_i_1/CO[3]
                         net (fo=11, routed)          0.853     5.181    baud_en_x16_reg_i_1_n_0
    SLICE_X40Y29         FDRE                                         r  cnt_x16_reg[8]/R
  -------------------------------------------------------------------    -------------------

Slack:                    inf
  Source:                 sw[2]
                            (input port)
  Destination:            cnt_x16_reg[9]/R
  Path Group:             (none)
  Path Type:              Max at Slow Process Corner
  Data Path Delay:        5.181ns  (logic 2.213ns (42.716%)  route 2.968ns (57.284%))
  Logic Levels:           3  (CARRY4=1 IBUF=1 LUT5=1)

    Location             Delay type                Incr(ns)  Path(ns)    Netlist Resource(s)
  -------------------------------------------------------------------    -------------------
    W13                                               0.000     0.000 r  sw[2] (IN)
                         net (fo=0)                   0.000     0.000    sw[2]
    W13                  IBUF (Prop_ibuf_I_O)         1.539     1.539 r  sw_IBUF[2]_inst/O
                         net (fo=9, routed)           2.115     3.654    sw_IBUF[2]
    SLICE_X40Y28         LUT5 (Prop_lut5_I3_O)        0.124     3.778 r  baud_en_x16_i_4/O
                         net (fo=1, routed)           0.000     3.778    baud_en_x16_i_4_n_0
    SLICE_X40Y28         CARRY4 (Prop_carry4_S[1]_CO[3])
                                                      0.550     4.328 r  baud_en_x16_reg_i_1/CO[3]
                         net (fo=11, routed)          0.853     5.181    baud_en_x16_reg_i_1_n_0
    SLICE_X40Y29         FDRE                                         r  cnt_x16_reg[9]/R
  -------------------------------------------------------------------    -------------------

Slack:                    inf
  Source:                 sw[2]
                            (input port)
  Destination:            cnt_x16_reg[1]/R
  Path Group:             (none)
  Path Type:              Max at Slow Process Corner
  Data Path Delay:        5.007ns  (logic 2.213ns (44.199%)  route 2.794ns (55.801%))
  Logic Levels:           3  (CARRY4=1 IBUF=1 LUT5=1)

    Location             Delay type                Incr(ns)  Path(ns)    Netlist Resource(s)
  -------------------------------------------------------------------    -------------------
    W13                                               0.000     0.000 r  sw[2] (IN)
                         net (fo=0)                   0.000     0.000    sw[2]
    W13                  IBUF (Prop_ibuf_I_O)         1.539     1.539 r  sw_IBUF[2]_inst/O
                         net (fo=9, routed)           2.115     3.654    sw_IBUF[2]
    SLICE_X40Y28         LUT5 (Prop_lut5_I3_O)        0.124     3.778 r  baud_en_x16_i_4/O
                         net (fo=1, routed)           0.000     3.778    baud_en_x16_i_4_n_0
    SLICE_X40Y28         CARRY4 (Prop_carry4_S[1]_CO[3])
                                                      0.550     4.328 r  baud_en_x16_reg_i_1/CO[3]
                         net (fo=11, routed)          0.679     5.007    baud_en_x16_reg_i_1_n_0
    SLICE_X40Y27         FDRE                                         r  cnt_x16_reg[1]/R
  -------------------------------------------------------------------    -------------------





Min Delay Paths
--------------------------------------------------------------------------------------
Slack:                    inf
  Source:                 rx_reg_reg[49]/C
                            (rising edge-triggered cell FDRE)
  Destination:            tx_reg_reg[49]/D
  Path Group:             (none)
  Path Type:              Min at Fast Process Corner
  Data Path Delay:        0.240ns  (logic 0.141ns (58.691%)  route 0.099ns (41.309%))
  Logic Levels:           1  (FDRE=1)

    Location             Delay type                Incr(ns)  Path(ns)    Netlist Resource(s)
  -------------------------------------------------------------------    -------------------
    SLICE_X37Y20         FDRE                         0.000     0.000 r  rx_reg_reg[49]/C
    SLICE_X37Y20         FDRE (Prop_fdre_C_Q)         0.141     0.141 r  rx_reg_reg[49]/Q
                         net (fo=1, routed)           0.099     0.240    rx_reg[49]
    SLICE_X39Y19         FDRE                                         r  tx_reg_reg[49]/D
  -------------------------------------------------------------------    -------------------

Slack:                    inf
  Source:                 rx_reg_reg[29]/C
                            (rising edge-triggered cell FDRE)
  Destination:            tx_reg_reg[29]/D
  Path Group:             (none)
  Path Type:              Min at Fast Process Corner
  Data Path Delay:        0.244ns  (logic 0.128ns (52.512%)  route 0.116ns (47.488%))
  Logic Levels:           1  (FDRE=1)

    Location             Delay type                Incr(ns)  Path(ns)    Netlist Resource(s)
  -------------------------------------------------------------------    -------------------
    SLICE_X41Y20         FDRE                         0.000     0.000 r  rx_reg_reg[29]/C
    SLICE_X41Y20         FDRE (Prop_fdre_C_Q)         0.128     0.128 r  rx_reg_reg[29]/Q
                         net (fo=1, routed)           0.116     0.244    rx_reg[29]
    SLICE_X40Y20         FDRE                                         r  tx_reg_reg[29]/D
  -------------------------------------------------------------------    -------------------

Slack:                    inf
  Source:                 rx_reg_reg[54]/C
                            (rising edge-triggered cell FDRE)
  Destination:            tx_reg_reg[54]/D
  Path Group:             (none)
  Path Type:              Min at Fast Process Corner
  Data Path Delay:        0.244ns  (logic 0.141ns (57.830%)  route 0.103ns (42.170%))
  Logic Levels:           1  (FDRE=1)

    Location             Delay type                Incr(ns)  Path(ns)    Netlist Resource(s)
  -------------------------------------------------------------------    -------------------
    SLICE_X40Y21         FDRE                         0.000     0.000 r  rx_reg_reg[54]/C
    SLICE_X40Y21         FDRE (Prop_fdre_C_Q)         0.141     0.141 r  rx_reg_reg[54]/Q
                         net (fo=1, routed)           0.103     0.244    rx_reg[54]
    SLICE_X43Y21         FDRE                                         r  tx_reg_reg[54]/D
  -------------------------------------------------------------------    -------------------

Slack:                    inf
  Source:                 rx_reg_reg[47]/C
                            (rising edge-triggered cell FDRE)
  Destination:            tx_reg_reg[47]/D
  Path Group:             (none)
  Path Type:              Min at Fast Process Corner
  Data Path Delay:        0.249ns  (logic 0.128ns (51.446%)  route 0.121ns (48.554%))
  Logic Levels:           1  (FDRE=1)

    Location             Delay type                Incr(ns)  Path(ns)    Netlist Resource(s)
  -------------------------------------------------------------------    -------------------
    SLICE_X41Y22         FDRE                         0.000     0.000 r  rx_reg_reg[47]/C
    SLICE_X41Y22         FDRE (Prop_fdre_C_Q)         0.128     0.128 r  rx_reg_reg[47]/Q
                         net (fo=1, routed)           0.121     0.249    rx_reg[47]
    SLICE_X38Y23         FDRE                                         r  tx_reg_reg[47]/D
  -------------------------------------------------------------------    -------------------

Slack:                    inf
  Source:                 rx_reg_reg[20]/C
                            (rising edge-triggered cell FDRE)
  Destination:            tx_reg_reg[20]/D
  Path Group:             (none)
  Path Type:              Min at Fast Process Corner
  Data Path Delay:        0.251ns  (logic 0.141ns (56.174%)  route 0.110ns (43.826%))
  Logic Levels:           1  (FDRE=1)

    Location             Delay type                Incr(ns)  Path(ns)    Netlist Resource(s)
  -------------------------------------------------------------------    -------------------
    SLICE_X39Y23         FDRE                         0.000     0.000 r  rx_reg_reg[20]/C
    SLICE_X39Y23         FDRE (Prop_fdre_C_Q)         0.141     0.141 r  rx_reg_reg[20]/Q
                         net (fo=1, routed)           0.110     0.251    rx_reg[20]
    SLICE_X39Y22         FDSE                                         r  tx_reg_reg[20]/D
  -------------------------------------------------------------------    -------------------

Slack:                    inf
  Source:                 rx_reg_reg[22]/C
                            (rising edge-triggered cell FDRE)
  Destination:            tx_reg_reg[22]/D
  Path Group:             (none)
  Path Type:              Min at Fast Process Corner
  Data Path Delay:        0.253ns  (logic 0.141ns (55.633%)  route 0.112ns (44.367%))
  Logic Levels:           1  (FDRE=1)

    Location             Delay type                Incr(ns)  Path(ns)    Netlist Resource(s)
  -------------------------------------------------------------------    -------------------
    SLICE_X40Y19         FDRE                         0.000     0.000 r  rx_reg_reg[22]/C
    SLICE_X40Y19         FDRE (Prop_fdre_C_Q)         0.141     0.141 r  rx_reg_reg[22]/Q
                         net (fo=1, routed)           0.112     0.253    rx_reg[22]
    SLICE_X39Y19         FDSE                                         r  tx_reg_reg[22]/D
  -------------------------------------------------------------------    -------------------

Slack:                    inf
  Source:                 rx_reg_reg[45]/C
                            (rising edge-triggered cell FDRE)
  Destination:            tx_reg_reg[45]/D
  Path Group:             (none)
  Path Type:              Min at Fast Process Corner
  Data Path Delay:        0.256ns  (logic 0.141ns (54.984%)  route 0.115ns (45.016%))
  Logic Levels:           1  (FDRE=1)

    Location             Delay type                Incr(ns)  Path(ns)    Netlist Resource(s)
  -------------------------------------------------------------------    -------------------
    SLICE_X41Y22         FDRE                         0.000     0.000 r  rx_reg_reg[45]/C
    SLICE_X41Y22         FDRE (Prop_fdre_C_Q)         0.141     0.141 r  rx_reg_reg[45]/Q
                         net (fo=1, routed)           0.115     0.256    rx_reg[45]
    SLICE_X39Y22         FDRE                                         r  tx_reg_reg[45]/D
  -------------------------------------------------------------------    -------------------

Slack:                    inf
  Source:                 rx_reg_reg[24]/C
                            (rising edge-triggered cell FDRE)
  Destination:            tx_reg_reg[24]/D
  Path Group:             (none)
  Path Type:              Min at Fast Process Corner
  Data Path Delay:        0.257ns  (logic 0.141ns (54.812%)  route 0.116ns (45.188%))
  Logic Levels:           1  (FDRE=1)

    Location             Delay type                Incr(ns)  Path(ns)    Netlist Resource(s)
  -------------------------------------------------------------------    -------------------
    SLICE_X41Y20         FDRE                         0.000     0.000 r  rx_reg_reg[24]/C
    SLICE_X41Y20         FDRE (Prop_fdre_C_Q)         0.141     0.141 r  rx_reg_reg[24]/Q
                         net (fo=1, routed)           0.116     0.257    rx_reg[24]
    SLICE_X41Y21         FDRE                                         r  tx_reg_reg[24]/D
  -------------------------------------------------------------------    -------------------

Slack:                    inf
  Source:                 rx_reg_reg[58]/C
                            (rising edge-triggered cell FDRE)
  Destination:            tx_reg_reg[58]/D
  Path Group:             (none)
  Path Type:              Min at Fast Process Corner
  Data Path Delay:        0.259ns  (logic 0.141ns (54.469%)  route 0.118ns (45.531%))
  Logic Levels:           1  (FDRE=1)

    Location             Delay type                Incr(ns)  Path(ns)    Netlist Resource(s)
  -------------------------------------------------------------------    -------------------
    SLICE_X40Y21         FDRE                         0.000     0.000 r  rx_reg_reg[58]/C
    SLICE_X40Y21         FDRE (Prop_fdre_C_Q)         0.141     0.141 r  rx_reg_reg[58]/Q
                         net (fo=1, routed)           0.118     0.259    rx_reg[58]
    SLICE_X38Y20         FDRE                                         r  tx_reg_reg[58]/D
  -------------------------------------------------------------------    -------------------

Slack:                    inf
  Source:                 rx_reg_reg[56]/C
                            (rising edge-triggered cell FDRE)
  Destination:            tx_reg_reg[56]/D
  Path Group:             (none)
  Path Type:              Min at Fast Process Corner
  Data Path Delay:        0.259ns  (logic 0.141ns (54.379%)  route 0.118ns (45.621%))
  Logic Levels:           1  (FDRE=1)

    Location             Delay type                Incr(ns)  Path(ns)    Netlist Resource(s)
  -------------------------------------------------------------------    -------------------
    SLICE_X40Y21         FDRE                         0.000     0.000 r  rx_reg_reg[56]/C
    SLICE_X40Y21         FDRE (Prop_fdre_C_Q)         0.141     0.141 r  rx_reg_reg[56]/Q
                         net (fo=1, routed)           0.118     0.259    rx_reg[56]
    SLICE_X39Y21         FDRE                                         r  tx_reg_reg[56]/D
  -------------------------------------------------------------------    -------------------





